-- start_ignore
-- end_ignore
-- @Description Check if we create too many executor accounts
-- @author rahmaf2
-- @vlimMB 200 
select count(distinct created_at) as fake from (select id, to_timestamp(creationdate) as created_at from minimal_mpp_25339) as test;
 fake 
------
    1
(1 row)

