-- start_ignore
-- end_ignore
drop table minimal_mpp_25339;
DROP TABLE
