-- start_ignore
-- end_ignore
drop table if exists minimal_mpp_25339;
psql:/Users/rahmaf2/p4/original/tincrepo/resource_management/memory_accounting/too_many_exec_accounts/output/too_many_exec_accounts_setup.sql:5: NOTICE:  table "minimal_mpp_25339" does not exist, skipping
DROP TABLE
create table minimal_mpp_25339(id serial, creationdate bigint NOT NULL);
psql:/Users/rahmaf2/p4/original/tincrepo/resource_management/memory_accounting/too_many_exec_accounts/output/too_many_exec_accounts_setup.sql:6: NOTICE:  CREATE TABLE will create implicit sequence "minimal_mpp_25339_id_seq" for serial column "minimal_mpp_25339.id"
psql:/Users/rahmaf2/p4/original/tincrepo/resource_management/memory_accounting/too_many_exec_accounts/output/too_many_exec_accounts_setup.sql:6: NOTICE:  Using default RANDOM distribution since no distribution was specified.
HINT:  Consider including the 'DISTRIBUTED BY' clause to determine the distribution of rows.
CREATE TABLE
insert into minimal_mpp_25339(id, creationdate) select generate_series(1, 10000000), 123456789;
INSERT 0 10000000
