--
-- NOTIN 
-- Test NOTIN clauses
--
create schema notin;
set search_path=notin;
--
-- generate a bunch of tables
--
create table t1 (
	c1 integer
);
NOTICE:  Table doesn't have 'DISTRIBUTED BY' clause -- Using column named 'c1' as the Greenplum Database data distribution key for this table.
HINT:  The 'DISTRIBUTED BY' clause determines the distribution of data. Make sure column(s) chosen are the optimal data distribution key to minimize skew.
create table t2 (
	c2 integer
);
NOTICE:  Table doesn't have 'DISTRIBUTED BY' clause -- Using column named 'c2' as the Greenplum Database data distribution key for this table.
HINT:  The 'DISTRIBUTED BY' clause determines the distribution of data. Make sure column(s) chosen are the optimal data distribution key to minimize skew.
create table t3 (
	c3 integer
);
NOTICE:  Table doesn't have 'DISTRIBUTED BY' clause -- Using column named 'c3' as the Greenplum Database data distribution key for this table.
HINT:  The 'DISTRIBUTED BY' clause determines the distribution of data. Make sure column(s) chosen are the optimal data distribution key to minimize skew.
create table t4 (
	c4 integer
);
NOTICE:  Table doesn't have 'DISTRIBUTED BY' clause -- Using column named 'c4' as the Greenplum Database data distribution key for this table.
HINT:  The 'DISTRIBUTED BY' clause determines the distribution of data. Make sure column(s) chosen are the optimal data distribution key to minimize skew.
create table t1n (
	c1n integer
);
NOTICE:  Table doesn't have 'DISTRIBUTED BY' clause -- Using column named 'c1n' as the Greenplum Database data distribution key for this table.
HINT:  The 'DISTRIBUTED BY' clause determines the distribution of data. Make sure column(s) chosen are the optimal data distribution key to minimize skew.
create table g1 (
	a integer,
	b integer,
	c integer
);
NOTICE:  Table doesn't have 'DISTRIBUTED BY' clause -- Using column named 'a' as the Greenplum Database data distribution key for this table.
HINT:  The 'DISTRIBUTED BY' clause determines the distribution of data. Make sure column(s) chosen are the optimal data distribution key to minimize skew.
create table l1 (
	w integer,
	x integer,
	y integer,
	z integer
);
NOTICE:  Table doesn't have 'DISTRIBUTED BY' clause -- Using column named 'w' as the Greenplum Database data distribution key for this table.
HINT:  The 'DISTRIBUTED BY' clause determines the distribution of data. Make sure column(s) chosen are the optimal data distribution key to minimize skew.
--
-- stick in some values
--
insert into t1 values (generate_series (1,10));
insert into t2 values (generate_series (1,5));
insert into t3 values (1), (2), (3);
insert into t4 values (1), (2);
insert into t1n values (1), (2), (3), (null), (5), (6), (7);
insert into g1 values
  (1,1,1),
  (1,1,2),
  (1,2,2),
  (2,2,2),
  (2,2,3),
  (2,3,3),
  (3,3,3),
  (3,3,3),
  (3,3,4),
  (3,4,4),
  (4,4,4);
insert into l1 values (generate_series (1,10), generate_series (1,10), generate_series (1,10), generate_series (1,10));
--
-- queries
--
--
--q1
--
select c1 from t1 where c1 not in 
	(select c2 from t2);
 c1 
----
  6
  8
 10
  7
  9
(5 rows)

--
--q2
--
select c1 from t1 where c1 not in 
	(select c2 from t2 where c2 > 2 and c2 not in 
		(select c3 from t3));
 c1 
----
  1
  3
  7
  9
  2
  6
  8
 10
(8 rows)

	
--
--q3
--
select c1 from t1 where c1 not in 
	(select c2 from t2 where c2 not in 
		(select c3 from t3 where c3 not in 
			(select c4 from t4)));
 c1 
----
  6
  8
 10
  3
  7
  9
(6 rows)

--
--q4
--
select c1 from t1, 
(select c2 from t2 where c2 not in 
	(select c3 from t3)) foo 
	where c1 = foo.c2;
 c1 
----
  5
  4
(2 rows)

--
--q5
--
select c1 from t1, 
(select c2 from t2 where c2 not in 
	(select c3 from t3) and c2 > 4) foo 
	where c1 = foo.c2;
 c1 
----
  5
(1 row)

--
--q6
--
select c1 from t1 where c1 not in 
	(select c2 from t2) and c1 > 1;
 c1 
----
  7
  9
  6
  8
 10
(5 rows)

--
--q7
--
select c1 from t1 where c1 > 6 and c1 not in 
	(select c2 from t2) and c1 < 10;
 c1 
----
  7
  9
  8
(3 rows)

--
--q8 introduce join
--
select c1 from t1,t2 where c1 not in 
	(select c3 from t3) and c1 = c2;
 c1 
----
  4
  5
(2 rows)

--
--q9
--
select c1 from t1 where c1 not in 
	(select c2 from t2 where c2 > 2 and c2 < 5);
 c1 
----
  1
  5
  7
  9
  2
  6
  8
 10
(8 rows)

--
--q10
--
select count(c1) from t1 where c1 not in 
	(select sum(c2) from t2);
 count 
-------
    10
(1 row)

--
--q11
--
select c1 from t1 where c1 not in 
	(select count(*) from t1);
 c1 
----
  1
  3
  5
  7
  9
  2
  4
  6
  8
(9 rows)

--
--q12
--
select a,b from g1 where (a,b) not in
	(select a,b from g1);
 a | b 
---+---
(0 rows)

--
--q13
--
select x,y from l1 where (x,y) not in
	(select distinct y, sum(x) from l1 group by y having y < 4 order by y) order by 1,2;
 x  | y  
----+----
  4 |  4
  5 |  5
  6 |  6
  7 |  7
  8 |  8
  9 |  9
 10 | 10
(7 rows)

--
--q14
--
select * from g1 where (a,b,c) not in 
	(select x,y,z from l1);
 a | b | c 
---+---+---
 1 | 1 | 2
 1 | 2 | 2
 3 | 3 | 4
 3 | 4 | 4
 2 | 2 | 3
 2 | 3 | 3
(6 rows)

--
--q15
--
select c1 from t1, t2 where c1 not in 
	(select c3 from t3 where c3 = c1) and c1 = c2;
 c1 
----
  5
  4
(2 rows)

--
--q17
-- null test
--
select c1 from t1 where c1 not in 
	(select c1n from t1n);
 c1 
----
(0 rows)

--
--q18
-- null test
--
select c1 from t1 where c1 not in 
	(select c2 from t2 where c2 not in 
		(select c3 from t3 where c3 not in 
			(select c1n from t1n)));
 c1 
----
  7
  9
  6
  8
 10
(5 rows)

--
--q19
--
select c1 from t1 join t2 on c1 = c2 where c1 not in 
	(select c3 from t3);
 c1 
----
  5
  4
(2 rows)

--
--q20
--
select c1 from t1 where c1 not in 
	(select sum(c2) as s from t2 where c2 > 2 group by c2 having c2 > 3);
 c1 
----
  1
  3
  7
  9
  2
  6
  8
 10
(8 rows)

--
--q21
-- multiple not in in where clause
--
select c1 from t1 where c1 not in 
	(select c2 from t2) and c1 not in 
	(select c3 from t3);
 c1 
----
  7
  9
  6
  8
 10
(5 rows)

--
--q22
-- coexist with joins
--
select c1 from t1,t3,t2 where c1 not in 
	(select c4 from t4) and c1 = c3 and c1 = c2;
 c1 
----
  3
(1 row)

--
--q23
-- union in subselect
--
select c1 from t1 where c1 not in 
	(select c2 from t2 union select c3 from t3);
 c1 
----
  6
  8
 10
  7
  9
(5 rows)

--
--q24
--
select c1 from t1 where c1 not in 
	(select c2 from t2 union all select c3 from t3);
 c1 
----
  7
  9
  6
  8
 10
(5 rows)

--
--q25
--
select c1 from t1 where c1 not in 
	(select (case when c1n is null then 1 else c1n end) as c1n from t1n);
 c1 
----
  9
  4
  8
 10
(4 rows)

--
--q26
--
select (case when c1%2 = 0 
 then (select sum(c2) from t2 where c2 not in (select c3 from t3)) 
 else (select sum(c3) from t3 where c3 not in (select c4 from t4)) end) as foo from t1;
 foo 
-----
   9
   9
   9
   9
   9
   3
   3
   3
   3
   3
(10 rows)

--
--q27
--
select c1 from t1 where not c1 >= some (select c2 from t2);
 c1 
----
(0 rows)

--
--q28
--
select c2 from t2 where not c2 < all (select c2 from t2);
 c2 
----
  2
  4
  1
  3
  5
(5 rows)

--
--q29
--
select c3 from t3 where not c3 <> any (select c4 from t4);
 c3 
----
(0 rows)

--
--q31
--
select c1 from t1 where c1 not in (select c2 from t2 order by c2 limit 3) order by c1;
 c1 
----
  4
  5
  6
  7
  8
  9
 10
(7 rows)

--quantified/correlated subqueries
--
--q32
--
select c1 from t1 where c1 =all (select c2 from t2 where c2 > -1 and c2 <= 1);
 c1 
----
  1
(1 row)

--
--q33
--
select c1 from t1 where c1 <>all (select c2 from t2);
 c1 
----
  7
  9
  6
  8
 10
(5 rows)

--
--q34
--
select c1 from t1 where c1 <=all (select c2 from t2 where c2 not in (select c1n from t1n));
 c1 
----
  2
  4
  6
  8
 10
  1
  3
  5
  7
  9
(10 rows)

--
--q35
--
select c1 from t1 where not c1 =all (select c2 from t2 where not c2 >all (select c3 from t3));
 c1 
----
  1
  3
  5
  7
  9
  2
  4
  6
  8
 10
(10 rows)

--
--q36
--
select c1 from t1 where not c1 <>all (select c1n from t1n where c1n <all (select c3 from t3 where c3 = c1n));
 c1 
----
  5
  7
  6
(3 rows)

--
--q37
--
select c1 from t1 where not c1 >=all (select c2 from t2 where c2 = c1);
 c1 
----
(0 rows)

--
--q38
--
select c1 from t1 where not exists (select c2 from t2 where c2 = c1);
 c1 
----
  7
  9
  6
  8
 10
(5 rows)

--
--q39
--
select c1 from t1 where not exists (select c2 from t2 where c2 not in (select c3 from t3) and c2 = c1);
 c1 
----
  1
  3
  7
  9
  2
  6
  8
 10
(8 rows)

--
--q40
--
select c1 from t1 where not exists (select c2 from t2 where exists (select c3 from t3) and c2 <>all (select c3 from t3) and c2 = c1);
 c1 
----
  2
  6
  8
 10
  1
  3
  7
  9
(8 rows)

--
--q41
--
select c1 from t1 where c1 not in (select c2 from t2) or c1 = 49;
 c1 
----
  7
  9
  6
  8
 10
(5 rows)

--
--q42
--
select c1 from t1 where not not not c1 in (select c2 from t2);
 c1 
----
  7
  9
  6
  8
 10
(5 rows)

--
--q43
--
select c1 from t1 where c1 not in (select c2 from t2 where c2 > 4) and c1 is not null;
 c1 
----
  2
  4
  6
  8
 10
  1
  3
  7
  9
(9 rows)

--
--q44
--
select c1 from t1 where c1 not in (select c2 from t2 where c2 > 4) and c1 > 2;
 c1 
----
  4
  6
  8
 10
  3
  7
  9
(7 rows)

reset search_path;
drop schema notin cascade;
NOTICE:  drop cascades to table notin.l1
NOTICE:  drop cascades to table notin.g1
NOTICE:  drop cascades to table notin.t1n
NOTICE:  drop cascades to table notin.t4
NOTICE:  drop cascades to table notin.t3
NOTICE:  drop cascades to table notin.t2
NOTICE:  drop cascades to table notin.t1
