create schema hashjoin_spill;
set search_path to hashjoin_spill;
-- start_ignore
create language plpythonu;
-- end_ignore
-- set workfile is created to true if all segment did it.
create or replace function hashjoin_spill.is_workfile_created(explain_query text)
returns setof int as
$$
import re
query = "select count(*) as nsegments from gp_segment_configuration where role='p' and content >= 0;"
rv = plpy.execute(query)
nsegments = int(rv[0]['nsegments'])
rv = plpy.execute(explain_query)
search_text = 'Work_mem used'
result = []
for i in range(len(rv)):
    cur_line = rv[i]['QUERY PLAN']
    if search_text.lower() in cur_line.lower():
        p = re.compile('.+\((seg[\d]+).+ Workfile: \(([\d+]) spilling\)')
        m = p.match(cur_line)
        workfile_created = int(m.group(2))
        cur_row = int(workfile_created == nsegments)
        result.append(cur_row)
return result
$$
language plpythonu;
CREATE TABLE test_hj_spill (i1 int, i2 int, i3 int, i4 int, i5 int, i6 int, i7 int, i8 int);
NOTICE:  Table doesn't have 'DISTRIBUTED BY' clause -- Using column named 'i1' as the Greenplum Database data distribution key for this table.
HINT:  The 'DISTRIBUTED BY' clause determines the distribution of data. Make sure column(s) chosen are the optimal data distribution key to minimize skew.
insert into test_hj_spill SELECT i,i,i%1000,i,i,i,i,i from
	(select generate_series(1, nsegments * 15000) as i from
	(select count(*) as nsegments from gp_segment_configuration where role='p' and content >= 0) foo) bar;
SET statement_mem=1024;
set gp_resqueue_print_operator_memory_limits=on;
set gp_workfile_type_hashjoin=buffile;
select avg(i3) from (SELECT t1.* FROM test_hj_spill AS t1 RIGHT JOIN test_hj_spill AS t2 ON t1.i1=t2.i2) foo;
  avg  
-------
 499.5
(1 row)

select * from hashjoin_spill.is_workfile_created('explain analyze SELECT t1.* FROM test_hj_spill AS t1 RIGHT JOIN test_hj_spill AS t2 ON t1.i1=t2.i2;');
 is_workfile_created 
---------------------
                   1
(1 row)

select * from hashjoin_spill.is_workfile_created('explain analyze SELECT t1.* FROM test_hj_spill AS t1 RIGHT JOIN test_hj_spill AS t2 ON t1.i1=t2.i2 LIMIT 15000;');
 is_workfile_created 
---------------------
                   1
(1 row)

set gp_workfile_type_hashjoin=bfz;
set gp_workfile_compress_algorithm=zlib;
select avg(i3) from (SELECT t1.* FROM test_hj_spill AS t1 RIGHT JOIN test_hj_spill AS t2 ON t1.i1=t2.i2) foo;
  avg  
-------
 499.5
(1 row)

select * from hashjoin_spill.is_workfile_created('explain analyze SELECT t1.* FROM test_hj_spill AS t1 RIGHT JOIN test_hj_spill AS t2 ON t1.i1=t2.i2');
 is_workfile_created 
---------------------
                   1
(1 row)

select * from hashjoin_spill.is_workfile_created('explain analyze SELECT t1.* FROM test_hj_spill AS t1 RIGHT JOIN test_hj_spill AS t2 ON t1.i1=t2.i2 LIMIT 15000;');
 is_workfile_created 
---------------------
                   1
(1 row)

set gp_workfile_compress_algorithm=NONE;
select avg(i3) from (SELECT t1.* FROM test_hj_spill AS t1 RIGHT JOIN test_hj_spill AS t2 ON t1.i1=t2.i2) foo;
  avg  
-------
 499.5
(1 row)

select * from hashjoin_spill.is_workfile_created('explain analyze SELECT t1.* FROM test_hj_spill AS t1 RIGHT JOIN test_hj_spill AS t2 ON t1.i1=t2.i2');
 is_workfile_created 
---------------------
                   1
(1 row)

select * from hashjoin_spill.is_workfile_created('explain analyze SELECT t1.* FROM test_hj_spill AS t1 RIGHT JOIN test_hj_spill AS t2 ON t1.i1=t2.i2 LIMIT 15000;');
 is_workfile_created 
---------------------
                   1
(1 row)

drop schema hashjoin_spill cascade;
NOTICE:  drop cascades to table test_hj_spill
NOTICE:  drop cascades to function is_workfile_created(text)
